// Jest Snapshot v1, https://goo.gl/fbAQLP

exports[`sidebar component Matches the snapshot 1`] = `
<div>
  <div
    className="MuiDrawer-root MuiDrawer-docked makeStyles-drawer-1"
  >
    <div
      className="MuiPaper-root MuiDrawer-paper makeStyles-drawerPaper-2 MuiDrawer-paperAnchorLeft MuiDrawer-paperAnchorDockedLeft MuiPaper-elevation0"
    >
      <hr
        className="MuiDivider-root"
      />
      <div>
        <a
          className="makeStyles-links-4"
          href="/login"
          onClick={[Function]}
        >
          <div
            aria-disabled={false}
            className="MuiButtonBase-root MuiListItem-root makeStyles-listButtons-3 MuiListItem-gutters MuiListItem-button"
            onBlur={[Function]}
            onDragLeave={[Function]}
            onFocus={[Function]}
            onKeyDown={[Function]}
            onKeyUp={[Function]}
            onMouseDown={[Function]}
            onMouseLeave={[Function]}
            onMouseUp={[Function]}
            onTouchEnd={[Function]}
            onTouchMove={[Function]}
            onTouchStart={[Function]}
            role="button"
            tabIndex={0}
          >
            <div
              className="MuiTypography-root MuiTypography-body1"
              data-testid="login"
            >
              <div
                className="MuiBox-root MuiBox-root-6"
              >
                Login
              </div>
            </div>
          </div>
        </a>
        <a
          className="makeStyles-links-4"
          href="/maps"
          onClick={[Function]}
        >
          <div
            aria-disabled={false}
            className="MuiButtonBase-root MuiListItem-root makeStyles-listButtons-3 MuiListItem-gutters MuiListItem-button"
            onBlur={[Function]}
            onDragLeave={[Function]}
            onFocus={[Function]}
            onKeyDown={[Function]}
            onKeyUp={[Function]}
            onMouseDown={[Function]}
            onMouseLeave={[Function]}
            onMouseUp={[Function]}
            onTouchEnd={[Function]}
            onTouchMove={[Function]}
            onTouchStart={[Function]}
            role="button"
            tabIndex={0}
          >
            <div
              className="MuiTypography-root MuiTypography-body1"
              data-testid="maps"
            >
              <div
                className="MuiBox-root MuiBox-root-7"
              >
                Maps
              </div>
            </div>
          </div>
        </a>
      </div>
    </div>
  </div>
</div>
`;
