// Jest Snapshot v1, https://goo.gl/fbAQLP

exports[`Map component Matches the snapshot 1`] = `
<div
  data-testid="map"
>
  <div
    style={
      Object {
        "overflow": "hidden",
      }
    }
  >
    <div
      className="info"
      id="info"
      style={
        Object {
          "display": "none",
        }
      }
    />
    <div
      style={
        Object {
          "bottom": "0",
          "height": "100%",
          "left": "0",
          "overflow": "hidden",
          "position": "absolute",
          "top": "0",
          "width": "100%",
        }
      }
    />
    <div
      data-testid="publicIcon"
    >
      <svg
        aria-hidden={true}
        className="MuiSvgIcon-root makeStyles-icon-2"
        focusable="false"
        id="publicIcon"
        onClick={[Function]}
        viewBox="0 0 24 24"
      >
        <path
          d="M12 2C6.48 2 2 6.48 2 12s4.48 10 10 10 10-4.48 10-10S17.52 2 12 2zm-1 17.93c-3.95-.49-7-3.85-7-7.93 0-.62.08-1.21.21-1.79L9 15v1c0 1.1.9 2 2 2v1.93zm6.9-2.54c-.26-.81-1-1.39-1.9-1.39h-1v-3c0-.55-.45-1-1-1H8v-2h2c.55 0 1-.45 1-1V7h2c1.1 0 2-.9 2-2v-.41c2.93 1.19 5 4.06 5 7.41 0 2.08-.8 3.97-2.1 5.39z"
        />
      </svg>
    </div>
  </div>
</div>
`;
